cargo :    Compiling vitalis v9.0.0 (C:\Vitalis-OSS)
At line:1 char:1
+ cargo test 2>&1 > c:\Vitalis-OSS\test_output.txt; echo "EXIT: $LASTEX ...
+ ~~~~~~~~~~~~~~~~~~~~~~~~~~~~~~~~~~~~~~~~~~~~~~~~
    + CategoryInfo          : NotSpecified: (   Compiling vi...C:\Vitalis-OSS) 
   :String) [], RemoteException
    + FullyQualifiedErrorId : NativeCommandError
 
warning: unused import: `std::ffi::CString`
  --> src\graph.rs:21:5
   |
21 | use std::ffi::CString;
   |     ^^^^^^^^^^^^^^^^^
   |
   = note: `#[warn(unused_imports)]` (part of `#[warn(unused)]`) on by default

warning: unused import: `std::os::raw::c_char`
  --> src\graph.rs:22:5
   |
22 | use std::os::raw::c_char;
   |     ^^^^^^^^^^^^^^^^^^^^

warning: unused import: `std::ffi::CString`
  --> src\numerical.rs:20:5
   |
20 | use std::ffi::CString;
   |     ^^^^^^^^^^^^^^^^^

warning: unused import: `std::os::raw::c_char`
  --> src\numerical.rs:21:5
   |
21 | use std::os::raw::c_char;
   |     ^^^^^^^^^^^^^^^^^^^^

warning: unused import: `std::ffi::CString`
  --> src\compression.rs:15:5
   |
15 | use std::ffi::CString;
   |     ^^^^^^^^^^^^^^^^^

warning: unused import: `std::os::raw::c_char`
  --> src\compression.rs:16:5
   |
16 | use std::os::raw::c_char;
   |     ^^^^^^^^^^^^^^^^^^^^

warning: unnecessary parentheses around assigned value
   --> src\probability.rs:186:24
    |
186 |         let den: f64 = (((((((d[0]*r + d[1])*r + d[2])*r + d[3])*r + 
d[4])*r + d[5])*r + d[6])*r + d[7]);
    |                        ^                                                 
                              ^
    |
    = note: `#[warn(unused_parens)]` (part of `#[warn(unused)]`) on by default
help: remove these parentheses
    |
186 -         let den: f64 = (((((((d[0]*r + d[1])*r + d[2])*r + d[3])*r + 
d[4])*r + d[5])*r + d[6])*r + d[7]);
186 +         let den: f64 = ((((((d[0]*r + d[1])*r + d[2])*r + d[3])*r + 
d[4])*r + d[5])*r + d[6])*r + d[7];
    |

warning: unnecessary parentheses around assigned value
   --> src\probability.rs:195:24
    |
195 |         let num: f64 = (((((a[0]*s + a[1])*s + a[2])*s + a[3])*s + 
a[4])*s + a[5]);
    |                        ^                                                 
        ^
    |
help: remove these parentheses
    |
195 -         let num: f64 = (((((a[0]*s + a[1])*s + a[2])*s + a[3])*s + 
a[4])*s + a[5]);
195 +         let num: f64 = ((((a[0]*s + a[1])*s + a[2])*s + a[3])*s + 
a[4])*s + a[5];
    |

warning: value assigned to `remaining` is never read
   --> src\scoring.rs:111:84
    |
111 |             for i in 0..n_pop { if !assigned[i] { r[i] = rank; 
assigned[i] = true; remaining -= 1; } }
    |                                                                          
          ^^^^^^^^^^^^^^
    |
    = help: maybe it is overwritten before being read?
    = note: `#[warn(unused_assignments)]` (part of `#[warn(unused)]`) on by 
default

warning: methods `div`, `abs`, `square`, and `clamp` are never used
   --> src\simd_ops.rs:106:8
    |
 53 | impl F64x4 {
    | ---------- methods in this implementation
...
106 |     fn div(self, other: Self) -> Self {
    |        ^^^
...
168 |     fn abs(self) -> Self {
    |        ^^^
...
179 |     fn square(self) -> Self {
    |        ^^^^^^
...
185 |     fn clamp(self, lo: Self, hi: Self) -> Self {
    |        ^^^^^
    |
    = note: `#[warn(dead_code)]` (part of `#[warn(unused)]`) on by default

warning: associated function `from_flat` is never used
  --> src\graph.rs:43:8
   |
32 | impl Graph {
   | ---------- associated function in this implementation
...
43 |     fn from_flat(n: usize, edge_data: &[(usize, usize, f64)]) -> Self {
   |        ^^^^^^^^^

